Archive member included to satisfy reference by file (symbol)

c:/st/stm32cubeide_1.2.0/stm32cubeide/plugins/com.st.stm32cube.ide.mcu.externaltools.gnu-tools-for-stm32.7-2018-q2-update.win32_1.0.0.201904181610/tools/bin/../lib/gcc/arm-none-eabi/7.3.1/../../../../arm-none-eabi/lib/thumb/v7e-m/fpv4-sp/hard\libc_nano.a(lib_a-exit.o)
                              c:/st/stm32cubeide_1.2.0/stm32cubeide/plugins/com.st.stm32cube.ide.mcu.externaltools.gnu-tools-for-stm32.7-2018-q2-update.win32_1.0.0.201904181610/tools/bin/../lib/gcc/arm-none-eabi/7.3.1/../../../../arm-none-eabi/lib/thumb/v7e-m/fpv4-sp/hard/crt0.o (exit)
c:/st/stm32cubeide_1.2.0/stm32cubeide/plugins/com.st.stm32cube.ide.mcu.externaltools.gnu-tools-for-stm32.7-2018-q2-update.win32_1.0.0.201904181610/tools/bin/../lib/gcc/arm-none-eabi/7.3.1/../../../../arm-none-eabi/lib/thumb/v7e-m/fpv4-sp/hard\libc_nano.a(lib_a-impure.o)
                              c:/st/stm32cubeide_1.2.0/stm32cubeide/plugins/com.st.stm32cube.ide.mcu.externaltools.gnu-tools-for-stm32.7-2018-q2-update.win32_1.0.0.201904181610/tools/bin/../lib/gcc/arm-none-eabi/7.3.1/../../../../arm-none-eabi/lib/thumb/v7e-m/fpv4-sp/hard\libc_nano.a(lib_a-exit.o) (_global_impure_ptr)
c:/st/stm32cubeide_1.2.0/stm32cubeide/plugins/com.st.stm32cube.ide.mcu.externaltools.gnu-tools-for-stm32.7-2018-q2-update.win32_1.0.0.201904181610/tools/bin/../lib/gcc/arm-none-eabi/7.3.1/../../../../arm-none-eabi/lib/thumb/v7e-m/fpv4-sp/hard\libc_nano.a(lib_a-init.o)
                              c:/st/stm32cubeide_1.2.0/stm32cubeide/plugins/com.st.stm32cube.ide.mcu.externaltools.gnu-tools-for-stm32.7-2018-q2-update.win32_1.0.0.201904181610/tools/bin/../lib/gcc/arm-none-eabi/7.3.1/../../../../arm-none-eabi/lib/thumb/v7e-m/fpv4-sp/hard/crt0.o (__libc_init_array)
c:/st/stm32cubeide_1.2.0/stm32cubeide/plugins/com.st.stm32cube.ide.mcu.externaltools.gnu-tools-for-stm32.7-2018-q2-update.win32_1.0.0.201904181610/tools/bin/../lib/gcc/arm-none-eabi/7.3.1/../../../../arm-none-eabi/lib/thumb/v7e-m/fpv4-sp/hard\libc_nano.a(lib_a-memset.o)
                              c:/st/stm32cubeide_1.2.0/stm32cubeide/plugins/com.st.stm32cube.ide.mcu.externaltools.gnu-tools-for-stm32.7-2018-q2-update.win32_1.0.0.201904181610/tools/bin/../lib/gcc/arm-none-eabi/7.3.1/../../../../arm-none-eabi/lib/thumb/v7e-m/fpv4-sp/hard/crt0.o (memset)
c:/st/stm32cubeide_1.2.0/stm32cubeide/plugins/com.st.stm32cube.ide.mcu.externaltools.gnu-tools-for-stm32.7-2018-q2-update.win32_1.0.0.201904181610/tools/bin/../lib/gcc/arm-none-eabi/7.3.1/../../../../arm-none-eabi/lib/thumb/v7e-m/fpv4-sp/hard\libc_nano.a(lib_a-strlen.o)
                              Src/004_Spi_tx_testing.o (strlen)
c:/st/stm32cubeide_1.2.0/stm32cubeide/plugins/com.st.stm32cube.ide.mcu.externaltools.gnu-tools-for-stm32.7-2018-q2-update.win32_1.0.0.201904181610/tools/bin/../lib/gcc/arm-none-eabi/7.3.1/../../../../arm-none-eabi/lib/thumb/v7e-m/fpv4-sp/hard\libnosys.a(_exit.o)
                              c:/st/stm32cubeide_1.2.0/stm32cubeide/plugins/com.st.stm32cube.ide.mcu.externaltools.gnu-tools-for-stm32.7-2018-q2-update.win32_1.0.0.201904181610/tools/bin/../lib/gcc/arm-none-eabi/7.3.1/../../../../arm-none-eabi/lib/thumb/v7e-m/fpv4-sp/hard\libc_nano.a(lib_a-exit.o) (_exit)

Discarded input sections

 .text          0x0000000000000000        0x0 c:/st/stm32cubeide_1.2.0/stm32cubeide/plugins/com.st.stm32cube.ide.mcu.externaltools.gnu-tools-for-stm32.7-2018-q2-update.win32_1.0.0.201904181610/tools/bin/../lib/gcc/arm-none-eabi/7.3.1/thumb/v7e-m/fpv4-sp/hard/crti.o
 .data          0x0000000000000000        0x0 c:/st/stm32cubeide_1.2.0/stm32cubeide/plugins/com.st.stm32cube.ide.mcu.externaltools.gnu-tools-for-stm32.7-2018-q2-update.win32_1.0.0.201904181610/tools/bin/../lib/gcc/arm-none-eabi/7.3.1/thumb/v7e-m/fpv4-sp/hard/crti.o
 .bss           0x0000000000000000        0x0 c:/st/stm32cubeide_1.2.0/stm32cubeide/plugins/com.st.stm32cube.ide.mcu.externaltools.gnu-tools-for-stm32.7-2018-q2-update.win32_1.0.0.201904181610/tools/bin/../lib/gcc/arm-none-eabi/7.3.1/thumb/v7e-m/fpv4-sp/hard/crti.o
 .data          0x0000000000000000        0x4 c:/st/stm32cubeide_1.2.0/stm32cubeide/plugins/com.st.stm32cube.ide.mcu.externaltools.gnu-tools-for-stm32.7-2018-q2-update.win32_1.0.0.201904181610/tools/bin/../lib/gcc/arm-none-eabi/7.3.1/thumb/v7e-m/fpv4-sp/hard/crtbegin.o
 .text          0x0000000000000000       0x74 c:/st/stm32cubeide_1.2.0/stm32cubeide/plugins/com.st.stm32cube.ide.mcu.externaltools.gnu-tools-for-stm32.7-2018-q2-update.win32_1.0.0.201904181610/tools/bin/../lib/gcc/arm-none-eabi/7.3.1/../../../../arm-none-eabi/lib/thumb/v7e-m/fpv4-sp/hard/crt0.o
 .data          0x0000000000000000        0x0 c:/st/stm32cubeide_1.2.0/stm32cubeide/plugins/com.st.stm32cube.ide.mcu.externaltools.gnu-tools-for-stm32.7-2018-q2-update.win32_1.0.0.201904181610/tools/bin/../lib/gcc/arm-none-eabi/7.3.1/../../../../arm-none-eabi/lib/thumb/v7e-m/fpv4-sp/hard/crt0.o
 .bss           0x0000000000000000        0x0 c:/st/stm32cubeide_1.2.0/stm32cubeide/plugins/com.st.stm32cube.ide.mcu.externaltools.gnu-tools-for-stm32.7-2018-q2-update.win32_1.0.0.201904181610/tools/bin/../lib/gcc/arm-none-eabi/7.3.1/../../../../arm-none-eabi/lib/thumb/v7e-m/fpv4-sp/hard/crt0.o
 .ARM.extab     0x0000000000000000        0x0 c:/st/stm32cubeide_1.2.0/stm32cubeide/plugins/com.st.stm32cube.ide.mcu.externaltools.gnu-tools-for-stm32.7-2018-q2-update.win32_1.0.0.201904181610/tools/bin/../lib/gcc/arm-none-eabi/7.3.1/../../../../arm-none-eabi/lib/thumb/v7e-m/fpv4-sp/hard/crt0.o
 .ARM.exidx     0x0000000000000000        0x8 c:/st/stm32cubeide_1.2.0/stm32cubeide/plugins/com.st.stm32cube.ide.mcu.externaltools.gnu-tools-for-stm32.7-2018-q2-update.win32_1.0.0.201904181610/tools/bin/../lib/gcc/arm-none-eabi/7.3.1/../../../../arm-none-eabi/lib/thumb/v7e-m/fpv4-sp/hard/crt0.o
 .ARM.attributes
                0x0000000000000000       0x20 c:/st/stm32cubeide_1.2.0/stm32cubeide/plugins/com.st.stm32cube.ide.mcu.externaltools.gnu-tools-for-stm32.7-2018-q2-update.win32_1.0.0.201904181610/tools/bin/../lib/gcc/arm-none-eabi/7.3.1/../../../../arm-none-eabi/lib/thumb/v7e-m/fpv4-sp/hard/crt0.o
 .group         0x0000000000000000        0xc Src/004_Spi_tx_testing.o
 .group         0x0000000000000000        0xc Src/004_Spi_tx_testing.o
 .group         0x0000000000000000        0xc Src/004_Spi_tx_testing.o
 .group         0x0000000000000000        0xc Src/004_Spi_tx_testing.o
 .group         0x0000000000000000        0xc Src/004_Spi_tx_testing.o
 .group         0x0000000000000000        0xc Src/004_Spi_tx_testing.o
 .group         0x0000000000000000        0xc Src/004_Spi_tx_testing.o
 .group         0x0000000000000000        0xc Src/004_Spi_tx_testing.o
 .group         0x0000000000000000        0xc Src/004_Spi_tx_testing.o
 .group         0x0000000000000000        0xc Src/004_Spi_tx_testing.o
 .group         0x0000000000000000        0xc Src/004_Spi_tx_testing.o
 .group         0x0000000000000000        0xc Src/004_Spi_tx_testing.o
 .group         0x0000000000000000        0xc Src/004_Spi_tx_testing.o
 .group         0x0000000000000000        0xc Src/004_Spi_tx_testing.o
 .group         0x0000000000000000        0xc Src/004_Spi_tx_testing.o
 .group         0x0000000000000000        0xc Src/004_Spi_tx_testing.o
 .group         0x0000000000000000        0xc Src/004_Spi_tx_testing.o
 .group         0x0000000000000000        0xc Src/004_Spi_tx_testing.o
 .group         0x0000000000000000        0xc Src/004_Spi_tx_testing.o
 .group         0x0000000000000000        0xc Src/004_Spi_tx_testing.o
 .group         0x0000000000000000        0xc Src/004_Spi_tx_testing.o
 .group         0x0000000000000000        0xc Src/004_Spi_tx_testing.o
 .group         0x0000000000000000        0xc Src/004_Spi_tx_testing.o
 .group         0x0000000000000000        0xc Src/004_Spi_tx_testing.o
 .group         0x0000000000000000        0xc Src/004_Spi_tx_testing.o
 .text          0x0000000000000000        0x0 Src/004_Spi_tx_testing.o
 .data          0x0000000000000000        0x0 Src/004_Spi_tx_testing.o
 .bss           0x0000000000000000        0x0 Src/004_Spi_tx_testing.o
 .text          0x0000000000000000       0x14 Startup/startup_stm32f446retx.o
 .data          0x0000000000000000        0x0 Startup/startup_stm32f446retx.o
 .bss           0x0000000000000000        0x0 Startup/startup_stm32f446retx.o
 .group         0x0000000000000000        0xc drivers/src/stm32f446xx_gpio_driver.o
 .group         0x0000000000000000        0xc drivers/src/stm32f446xx_gpio_driver.o
 .group         0x0000000000000000        0xc drivers/src/stm32f446xx_gpio_driver.o
 .group         0x0000000000000000        0xc drivers/src/stm32f446xx_gpio_driver.o
 .group         0x0000000000000000        0xc drivers/src/stm32f446xx_gpio_driver.o
 .group         0x0000000000000000        0xc drivers/src/stm32f446xx_gpio_driver.o
 .group         0x0000000000000000        0xc drivers/src/stm32f446xx_gpio_driver.o
 .group         0x0000000000000000        0xc drivers/src/stm32f446xx_gpio_driver.o
 .group         0x0000000000000000        0xc drivers/src/stm32f446xx_gpio_driver.o
 .group         0x0000000000000000        0xc drivers/src/stm32f446xx_gpio_driver.o
 .group         0x0000000000000000        0xc drivers/src/stm32f446xx_gpio_driver.o
 .text          0x0000000000000000        0x0 drivers/src/stm32f446xx_gpio_driver.o
 .data          0x0000000000000000        0x0 drivers/src/stm32f446xx_gpio_driver.o
 .bss           0x0000000000000000        0x0 drivers/src/stm32f446xx_gpio_driver.o
 .text.GPIO_DeInit
                0x0000000000000000      0x148 drivers/src/stm32f446xx_gpio_driver.o
 .text.GPIO_ReadFromInputPin
                0x0000000000000000       0x2c drivers/src/stm32f446xx_gpio_driver.o
 .text.GPIO_ReadFromInputPort
                0x0000000000000000       0x1c drivers/src/stm32f446xx_gpio_driver.o
 .text.GPIO_WriteToOutputPort
                0x0000000000000000       0x1e drivers/src/stm32f446xx_gpio_driver.o
 .text.GPIO_WriteToOutputPin
                0x0000000000000000       0x4a drivers/src/stm32f446xx_gpio_driver.o
 .text.GPIO_ToggleOutputPin
                0x0000000000000000       0x2a drivers/src/stm32f446xx_gpio_driver.o
 .text.GPIO_IRQInterruptConfig
                0x0000000000000000      0x10c drivers/src/stm32f446xx_gpio_driver.o
 .text.GPIO_IRQPriorityConfig
                0x0000000000000000       0x54 drivers/src/stm32f446xx_gpio_driver.o
 .text.GPIO_IRQHandling
                0x0000000000000000       0x40 drivers/src/stm32f446xx_gpio_driver.o
 .debug_macro   0x0000000000000000      0xa66 drivers/src/stm32f446xx_gpio_driver.o
 .debug_macro   0x0000000000000000       0x22 drivers/src/stm32f446xx_gpio_driver.o
 .debug_macro   0x0000000000000000       0x8e drivers/src/stm32f446xx_gpio_driver.o
 .debug_macro   0x0000000000000000       0x51 drivers/src/stm32f446xx_gpio_driver.o
 .debug_macro   0x0000000000000000       0xef drivers/src/stm32f446xx_gpio_driver.o
 .debug_macro   0x0000000000000000       0x6a drivers/src/stm32f446xx_gpio_driver.o
 .debug_macro   0x0000000000000000      0x1df drivers/src/stm32f446xx_gpio_driver.o
 .debug_macro   0x0000000000000000      0x62e drivers/src/stm32f446xx_gpio_driver.o
 .debug_macro   0x0000000000000000      0x100 drivers/src/stm32f446xx_gpio_driver.o
 .debug_macro   0x0000000000000000       0xb0 drivers/src/stm32f446xx_gpio_driver.o
 .group         0x0000000000000000        0xc drivers/src/stm32f446xx_rcc_driver.o
 .group         0x0000000000000000        0xc drivers/src/stm32f446xx_rcc_driver.o
 .group         0x0000000000000000        0xc drivers/src/stm32f446xx_rcc_driver.o
 .group         0x0000000000000000        0xc drivers/src/stm32f446xx_rcc_driver.o
 .group         0x0000000000000000        0xc drivers/src/stm32f446xx_rcc_driver.o
 .group         0x0000000000000000        0xc drivers/src/stm32f446xx_rcc_driver.o
 .group         0x0000000000000000        0xc drivers/src/stm32f446xx_rcc_driver.o
 .group         0x0000000000000000        0xc drivers/src/stm32f446xx_rcc_driver.o
 .group         0x0000000000000000        0xc drivers/src/stm32f446xx_rcc_driver.o
 .group         0x0000000000000000        0xc drivers/src/stm32f446xx_rcc_driver.o
 .group         0x0000000000000000        0xc drivers/src/stm32f446xx_rcc_driver.o
 .text          0x0000000000000000        0x0 drivers/src/stm32f446xx_rcc_driver.o
 .data          0x0000000000000000        0x0 drivers/src/stm32f446xx_rcc_driver.o
 .bss           0x0000000000000000        0x0 drivers/src/stm32f446xx_rcc_driver.o
 .data.AHB_PreScaler
                0x0000000000000000       0x10 drivers/src/stm32f446xx_rcc_driver.o
 .data.APB1_PreScaler
                0x0000000000000000        0x4 drivers/src/stm32f446xx_rcc_driver.o
 .text.RCC_GetPCLK1Value
                0x0000000000000000       0xb0 drivers/src/stm32f446xx_rcc_driver.o
 .text.RCC_GetPCLK2Value
                0x0000000000000000       0xa0 drivers/src/stm32f446xx_rcc_driver.o
 .text.RCC_GetPLLOutputClock
                0x0000000000000000       0x10 drivers/src/stm32f446xx_rcc_driver.o
 .debug_info    0x0000000000000000      0x3a1 drivers/src/stm32f446xx_rcc_driver.o
 .debug_abbrev  0x0000000000000000       0xfd drivers/src/stm32f446xx_rcc_driver.o
 .debug_aranges
                0x0000000000000000       0x30 drivers/src/stm32f446xx_rcc_driver.o
 .debug_ranges  0x0000000000000000       0x20 drivers/src/stm32f446xx_rcc_driver.o
 .debug_macro   0x0000000000000000       0xa9 drivers/src/stm32f446xx_rcc_driver.o
 .debug_macro   0x0000000000000000      0xa66 drivers/src/stm32f446xx_rcc_driver.o
 .debug_macro   0x0000000000000000       0x22 drivers/src/stm32f446xx_rcc_driver.o
 .debug_macro   0x0000000000000000       0x8e drivers/src/stm32f446xx_rcc_driver.o
 .debug_macro   0x0000000000000000       0x51 drivers/src/stm32f446xx_rcc_driver.o
 .debug_macro   0x0000000000000000       0xef drivers/src/stm32f446xx_rcc_driver.o
 .debug_macro   0x0000000000000000       0x6a drivers/src/stm32f446xx_rcc_driver.o
 .debug_macro   0x0000000000000000      0x1df drivers/src/stm32f446xx_rcc_driver.o
 .debug_macro   0x0000000000000000      0x62e drivers/src/stm32f446xx_rcc_driver.o
 .debug_macro   0x0000000000000000      0x100 drivers/src/stm32f446xx_rcc_driver.o
 .debug_macro   0x0000000000000000       0xca drivers/src/stm32f446xx_rcc_driver.o
 .debug_macro   0x0000000000000000       0xb0 drivers/src/stm32f446xx_rcc_driver.o
 .debug_line    0x0000000000000000      0x4aa drivers/src/stm32f446xx_rcc_driver.o
 .debug_str     0x0000000000000000     0x6310 drivers/src/stm32f446xx_rcc_driver.o
 .comment       0x0000000000000000       0x7c drivers/src/stm32f446xx_rcc_driver.o
 .debug_frame   0x0000000000000000       0x7c drivers/src/stm32f446xx_rcc_driver.o
 .ARM.attributes
                0x0000000000000000       0x39 drivers/src/stm32f446xx_rcc_driver.o
 .group         0x0000000000000000        0xc drivers/src/stm32f446xx_spi_driver.o
 .group         0x0000000000000000        0xc drivers/src/stm32f446xx_spi_driver.o
 .group         0x0000000000000000        0xc drivers/src/stm32f446xx_spi_driver.o
 .group         0x0000000000000000        0xc drivers/src/stm32f446xx_spi_driver.o
 .group         0x0000000000000000        0xc drivers/src/stm32f446xx_spi_driver.o
 .group         0x0000000000000000        0xc drivers/src/stm32f446xx_spi_driver.o
 .group         0x0000000000000000        0xc drivers/src/stm32f446xx_spi_driver.o
 .group         0x0000000000000000        0xc drivers/src/stm32f446xx_spi_driver.o
 .group         0x0000000000000000        0xc drivers/src/stm32f446xx_spi_driver.o
 .group         0x0000000000000000        0xc drivers/src/stm32f446xx_spi_driver.o
 .group         0x0000000000000000        0xc drivers/src/stm32f446xx_spi_driver.o
 .group         0x0000000000000000        0xc drivers/src/stm32f446xx_spi_driver.o
 .text          0x0000000000000000        0x0 drivers/src/stm32f446xx_spi_driver.o
 .data          0x0000000000000000        0x0 drivers/src/stm32f446xx_spi_driver.o
 .bss           0x0000000000000000        0x0 drivers/src/stm32f446xx_spi_driver.o
 .text.SPI_ReceiveData
                0x0000000000000000       0x6c drivers/src/stm32f446xx_spi_driver.o
 .text.SPI_IRQInterruptConfig
                0x0000000000000000      0x10c drivers/src/stm32f446xx_spi_driver.o
 .text.SPI_IRQPriorityConfig
                0x0000000000000000       0x54 drivers/src/stm32f446xx_spi_driver.o
 .text.SPI_IRQHandling
                0x0000000000000000       0x9a drivers/src/stm32f446xx_spi_driver.o
 .text.SPI_SendDataIT
                0x0000000000000000       0x48 drivers/src/stm32f446xx_spi_driver.o
 .text.SPI_ReceiveDataIT
                0x0000000000000000       0x48 drivers/src/stm32f446xx_spi_driver.o
 .text.SPI_SSOEConfig
                0x0000000000000000       0x38 drivers/src/stm32f446xx_spi_driver.o
 .text.SPI_CloseTransmission
                0x0000000000000000       0x36 drivers/src/stm32f446xx_spi_driver.o
 .text.SPI_CloseReception
                0x0000000000000000       0x36 drivers/src/stm32f446xx_spi_driver.o
 .text.spi_txe_interrupt_handle
                0x0000000000000000       0x78 drivers/src/stm32f446xx_spi_driver.o
 .text.spi_rxne_interrupt_handle
                0x0000000000000000       0x84 drivers/src/stm32f446xx_spi_driver.o
 .text.spi_ovr_err_interrupt_handle
                0x0000000000000000       0x2c drivers/src/stm32f446xx_spi_driver.o
 .debug_macro   0x0000000000000000      0xa66 drivers/src/stm32f446xx_spi_driver.o
 .debug_macro   0x0000000000000000       0x22 drivers/src/stm32f446xx_spi_driver.o
 .debug_macro   0x0000000000000000       0x8e drivers/src/stm32f446xx_spi_driver.o
 .debug_macro   0x0000000000000000       0x51 drivers/src/stm32f446xx_spi_driver.o
 .debug_macro   0x0000000000000000       0xef drivers/src/stm32f446xx_spi_driver.o
 .debug_macro   0x0000000000000000       0x6a drivers/src/stm32f446xx_spi_driver.o
 .debug_macro   0x0000000000000000      0x1df drivers/src/stm32f446xx_spi_driver.o
 .debug_macro   0x0000000000000000      0x62e drivers/src/stm32f446xx_spi_driver.o
 .debug_macro   0x0000000000000000      0x100 drivers/src/stm32f446xx_spi_driver.o
 .debug_macro   0x0000000000000000       0xca drivers/src/stm32f446xx_spi_driver.o
 .debug_macro   0x0000000000000000      0x174 drivers/src/stm32f446xx_spi_driver.o
 .group         0x0000000000000000        0xc drivers/src/stm32f446xx_usart_driver.o
 .group         0x0000000000000000        0xc drivers/src/stm32f446xx_usart_driver.o
 .group         0x0000000000000000        0xc drivers/src/stm32f446xx_usart_driver.o
 .group         0x0000000000000000        0xc drivers/src/stm32f446xx_usart_driver.o
 .group         0x0000000000000000        0xc drivers/src/stm32f446xx_usart_driver.o
 .group         0x0000000000000000        0xc drivers/src/stm32f446xx_usart_driver.o
 .group         0x0000000000000000        0xc drivers/src/stm32f446xx_usart_driver.o
 .group         0x0000000000000000        0xc drivers/src/stm32f446xx_usart_driver.o
 .group         0x0000000000000000        0xc drivers/src/stm32f446xx_usart_driver.o
 .group         0x0000000000000000        0xc drivers/src/stm32f446xx_usart_driver.o
 .group         0x0000000000000000        0xc drivers/src/stm32f446xx_usart_driver.o
 .group         0x0000000000000000        0xc drivers/src/stm32f446xx_usart_driver.o
 .text          0x0000000000000000        0x0 drivers/src/stm32f446xx_usart_driver.o
 .data          0x0000000000000000        0x0 drivers/src/stm32f446xx_usart_driver.o
 .bss           0x0000000000000000        0x0 drivers/src/stm32f446xx_usart_driver.o
 .text.USART_SetBaudRate
                0x0000000000000000       0xe4 drivers/src/stm32f446xx_usart_driver.o
 .text.USART_Init
                0x0000000000000000      0x106 drivers/src/stm32f446xx_usart_driver.o
 .text.USART_PeripheralControl
                0x0000000000000000       0x38 drivers/src/stm32f446xx_usart_driver.o
 .text.USART_PeriClockControl
                0x0000000000000000      0x13c drivers/src/stm32f446xx_usart_driver.o
 .text.USART_GetFlagStatus
                0x0000000000000000       0x2a drivers/src/stm32f446xx_usart_driver.o
 .text.USART_SendData
                0x0000000000000000       0x9a drivers/src/stm32f446xx_usart_driver.o
 .text.USART_ReceiveData
                0x0000000000000000       0xae drivers/src/stm32f446xx_usart_driver.o
 .text.USART_SendDataIT
                0x0000000000000000       0x5c drivers/src/stm32f446xx_usart_driver.o
 .text.USART_ReceiveDataIT
                0x0000000000000000       0x52 drivers/src/stm32f446xx_usart_driver.o
 .text.USART_ClearFlag
                0x0000000000000000       0x26 drivers/src/stm32f446xx_usart_driver.o
 .text.USART_IRQInterruptConfig
                0x0000000000000000      0x10c drivers/src/stm32f446xx_usart_driver.o
 .text.USART_IRQPriorityConfig
                0x0000000000000000       0x54 drivers/src/stm32f446xx_usart_driver.o
 .text.USART_IRQHandling
                0x0000000000000000      0x344 drivers/src/stm32f446xx_usart_driver.o
 .text.USART_ApplicationEventCallback
                0x0000000000000000       0x18 drivers/src/stm32f446xx_usart_driver.o
 .debug_info    0x0000000000000000      0x7e0 drivers/src/stm32f446xx_usart_driver.o
 .debug_abbrev  0x0000000000000000      0x195 drivers/src/stm32f446xx_usart_driver.o
 .debug_aranges
                0x0000000000000000       0x88 drivers/src/stm32f446xx_usart_driver.o
 .debug_ranges  0x0000000000000000       0x78 drivers/src/stm32f446xx_usart_driver.o
 .debug_macro   0x0000000000000000       0xb8 drivers/src/stm32f446xx_usart_driver.o
 .debug_macro   0x0000000000000000      0xa66 drivers/src/stm32f446xx_usart_driver.o
 .debug_macro   0x0000000000000000       0x22 drivers/src/stm32f446xx_usart_driver.o
 .debug_macro   0x0000000000000000       0x8e drivers/src/stm32f446xx_usart_driver.o
 .debug_macro   0x0000000000000000       0x51 drivers/src/stm32f446xx_usart_driver.o
 .debug_macro   0x0000000000000000       0xef drivers/src/stm32f446xx_usart_driver.o
 .debug_macro   0x0000000000000000       0x6a drivers/src/stm32f446xx_usart_driver.o
 .debug_macro   0x0000000000000000      0x1df drivers/src/stm32f446xx_usart_driver.o
 .debug_macro   0x0000000000000000      0x62e drivers/src/stm32f446xx_usart_driver.o
 .debug_macro   0x0000000000000000       0xc4 drivers/src/stm32f446xx_usart_driver.o
 .debug_macro   0x0000000000000000       0xb0 drivers/src/stm32f446xx_usart_driver.o
 .debug_macro   0x0000000000000000      0x100 drivers/src/stm32f446xx_usart_driver.o
 .debug_macro   0x0000000000000000      0x174 drivers/src/stm32f446xx_usart_driver.o
 .debug_line    0x0000000000000000      0x6f3 drivers/src/stm32f446xx_usart_driver.o
 .debug_str     0x0000000000000000     0x6839 drivers/src/stm32f446xx_usart_driver.o
 .comment       0x0000000000000000       0x7c drivers/src/stm32f446xx_usart_driver.o
 .debug_frame   0x0000000000000000      0x230 drivers/src/stm32f446xx_usart_driver.o
 .ARM.attributes
                0x0000000000000000       0x39 drivers/src/stm32f446xx_usart_driver.o
 .text          0x0000000000000000        0x0 c:/st/stm32cubeide_1.2.0/stm32cubeide/plugins/com.st.stm32cube.ide.mcu.externaltools.gnu-tools-for-stm32.7-2018-q2-update.win32_1.0.0.201904181610/tools/bin/../lib/gcc/arm-none-eabi/7.3.1/../../../../arm-none-eabi/lib/thumb/v7e-m/fpv4-sp/hard\libc_nano.a(lib_a-exit.o)
 .data          0x0000000000000000        0x0 c:/st/stm32cubeide_1.2.0/stm32cubeide/plugins/com.st.stm32cube.ide.mcu.externaltools.gnu-tools-for-stm32.7-2018-q2-update.win32_1.0.0.201904181610/tools/bin/../lib/gcc/arm-none-eabi/7.3.1/../../../../arm-none-eabi/lib/thumb/v7e-m/fpv4-sp/hard\libc_nano.a(lib_a-exit.o)
 .bss           0x0000000000000000        0x0 c:/st/stm32cubeide_1.2.0/stm32cubeide/plugins/com.st.stm32cube.ide.mcu.externaltools.gnu-tools-for-stm32.7-2018-q2-update.win32_1.0.0.201904181610/tools/bin/../lib/gcc/arm-none-eabi/7.3.1/../../../../arm-none-eabi/lib/thumb/v7e-m/fpv4-sp/hard\libc_nano.a(lib_a-exit.o)
 .text.exit     0x0000000000000000       0x28 c:/st/stm32cubeide_1.2.0/stm32cubeide/plugins/com.st.stm32cube.ide.mcu.externaltools.gnu-tools-for-stm32.7-2018-q2-update.win32_1.0.0.201904181610/tools/bin/../lib/gcc/arm-none-eabi/7.3.1/../../../../arm-none-eabi/lib/thumb/v7e-m/fpv4-sp/hard\libc_nano.a(lib_a-exit.o)
 .debug_frame   0x0000000000000000       0x28 c:/st/stm32cubeide_1.2.0/stm32cubeide/plugins/com.st.stm32cube.ide.mcu.externaltools.gnu-tools-for-stm32.7-2018-q2-update.win32_1.0.0.201904181610/tools/bin/../lib/gcc/arm-none-eabi/7.3.1/../../../../arm-none-eabi/lib/thumb/v7e-m/fpv4-sp/hard\libc_nano.a(lib_a-exit.o)
 .ARM.attributes
                0x0000000000000000       0x34 c:/st/stm32cubeide_1.2.0/stm32cubeide/plugins/com.st.stm32cube.ide.mcu.externaltools.gnu-tools-for-stm32.7-2018-q2-update.win32_1.0.0.201904181610/tools/bin/../lib/gcc/arm-none-eabi/7.3.1/../../../../arm-none-eabi/lib/thumb/v7e-m/fpv4-sp/hard\libc_nano.a(lib_a-exit.o)
 .text          0x0000000000000000        0x0 c:/st/stm32cubeide_1.2.0/stm32cubeide/plugins/com.st.stm32cube.ide.mcu.externaltools.gnu-tools-for-stm32.7-2018-q2-update.win32_1.0.0.201904181610/tools/bin/../lib/gcc/arm-none-eabi/7.3.1/../../../../arm-none-eabi/lib/thumb/v7e-m/fpv4-sp/hard\libc_nano.a(lib_a-impure.o)
 .data          0x0000000000000000        0x0 c:/st/stm32cubeide_1.2.0/stm32cubeide/plugins/com.st.stm32cube.ide.mcu.externaltools.gnu-tools-for-stm32.7-2018-q2-update.win32_1.0.0.201904181610/tools/bin/../lib/gcc/arm-none-eabi/7.3.1/../../../../arm-none-eabi/lib/thumb/v7e-m/fpv4-sp/hard\libc_nano.a(lib_a-impure.o)
 .bss           0x0000000000000000        0x0 c:/st/stm32cubeide_1.2.0/stm32cubeide/plugins/com.st.stm32cube.ide.mcu.externaltools.gnu-tools-for-stm32.7-2018-q2-update.win32_1.0.0.201904181610/tools/bin/../lib/gcc/arm-none-eabi/7.3.1/../../../../arm-none-eabi/lib/thumb/v7e-m/fpv4-sp/hard\libc_nano.a(lib_a-impure.o)
 .data._impure_ptr
                0x0000000000000000        0x4 c:/st/stm32cubeide_1.2.0/stm32cubeide/plugins/com.st.stm32cube.ide.mcu.externaltools.gnu-tools-for-stm32.7-2018-q2-update.win32_1.0.0.201904181610/tools/bin/../lib/gcc/arm-none-eabi/7.3.1/../../../../arm-none-eabi/lib/thumb/v7e-m/fpv4-sp/hard\libc_nano.a(lib_a-impure.o)
 .data.impure_data
                0x0000000000000000       0x60 c:/st/stm32cubeide_1.2.0/stm32cubeide/plugins/com.st.stm32cube.ide.mcu.externaltools.gnu-tools-for-stm32.7-2018-q2-update.win32_1.0.0.201904181610/tools/bin/../lib/gcc/arm-none-eabi/7.3.1/../../../../arm-none-eabi/lib/thumb/v7e-m/fpv4-sp/hard\libc_nano.a(lib_a-impure.o)
 .rodata._global_impure_ptr
                0x0000000000000000        0x4 c:/st/stm32cubeide_1.2.0/stm32cubeide/plugins/com.st.stm32cube.ide.mcu.externaltools.gnu-tools-for-stm32.7-2018-q2-update.win32_1.0.0.201904181610/tools/bin/../lib/gcc/arm-none-eabi/7.3.1/../../../../arm-none-eabi/lib/thumb/v7e-m/fpv4-sp/hard\libc_nano.a(lib_a-impure.o)
 .ARM.attributes
                0x0000000000000000       0x34 c:/st/stm32cubeide_1.2.0/stm32cubeide/plugins/com.st.stm32cube.ide.mcu.externaltools.gnu-tools-for-stm32.7-2018-q2-update.win32_1.0.0.201904181610/tools/bin/../lib/gcc/arm-none-eabi/7.3.1/../../../../arm-none-eabi/lib/thumb/v7e-m/fpv4-sp/hard\libc_nano.a(lib_a-impure.o)
 .text          0x0000000000000000        0x0 c:/st/stm32cubeide_1.2.0/stm32cubeide/plugins/com.st.stm32cube.ide.mcu.externaltools.gnu-tools-for-stm32.7-2018-q2-update.win32_1.0.0.201904181610/tools/bin/../lib/gcc/arm-none-eabi/7.3.1/../../../../arm-none-eabi/lib/thumb/v7e-m/fpv4-sp/hard\libc_nano.a(lib_a-init.o)
 .data          0x0000000000000000        0x0 c:/st/stm32cubeide_1.2.0/stm32cubeide/plugins/com.st.stm32cube.ide.mcu.externaltools.gnu-tools-for-stm32.7-2018-q2-update.win32_1.0.0.201904181610/tools/bin/../lib/gcc/arm-none-eabi/7.3.1/../../../../arm-none-eabi/lib/thumb/v7e-m/fpv4-sp/hard\libc_nano.a(lib_a-init.o)
 .bss           0x0000000000000000        0x0 c:/st/stm32cubeide_1.2.0/stm32cubeide/plugins/com.st.stm32cube.ide.mcu.externaltools.gnu-tools-for-stm32.7-2018-q2-update.win32_1.0.0.201904181610/tools/bin/../lib/gcc/arm-none-eabi/7.3.1/../../../../arm-none-eabi/lib/thumb/v7e-m/fpv4-sp/hard\libc_nano.a(lib_a-init.o)
 .text          0x0000000000000000        0x0 c:/st/stm32cubeide_1.2.0/stm32cubeide/plugins/com.st.stm32cube.ide.mcu.externaltools.gnu-tools-for-stm32.7-2018-q2-update.win32_1.0.0.201904181610/tools/bin/../lib/gcc/arm-none-eabi/7.3.1/../../../../arm-none-eabi/lib/thumb/v7e-m/fpv4-sp/hard\libc_nano.a(lib_a-memset.o)
 .data          0x0000000000000000        0x0 c:/st/stm32cubeide_1.2.0/stm32cubeide/plugins/com.st.stm32cube.ide.mcu.externaltools.gnu-tools-for-stm32.7-2018-q2-update.win32_1.0.0.201904181610/tools/bin/../lib/gcc/arm-none-eabi/7.3.1/../../../../arm-none-eabi/lib/thumb/v7e-m/fpv4-sp/hard\libc_nano.a(lib_a-memset.o)
 .bss           0x0000000000000000        0x0 c:/st/stm32cubeide_1.2.0/stm32cubeide/plugins/com.st.stm32cube.ide.mcu.externaltools.gnu-tools-for-stm32.7-2018-q2-update.win32_1.0.0.201904181610/tools/bin/../lib/gcc/arm-none-eabi/7.3.1/../../../../arm-none-eabi/lib/thumb/v7e-m/fpv4-sp/hard\libc_nano.a(lib_a-memset.o)
 .text.memset   0x0000000000000000       0x10 c:/st/stm32cubeide_1.2.0/stm32cubeide/plugins/com.st.stm32cube.ide.mcu.externaltools.gnu-tools-for-stm32.7-2018-q2-update.win32_1.0.0.201904181610/tools/bin/../lib/gcc/arm-none-eabi/7.3.1/../../../../arm-none-eabi/lib/thumb/v7e-m/fpv4-sp/hard\libc_nano.a(lib_a-memset.o)
 .debug_frame   0x0000000000000000       0x20 c:/st/stm32cubeide_1.2.0/stm32cubeide/plugins/com.st.stm32cube.ide.mcu.externaltools.gnu-tools-for-stm32.7-2018-q2-update.win32_1.0.0.201904181610/tools/bin/../lib/gcc/arm-none-eabi/7.3.1/../../../../arm-none-eabi/lib/thumb/v7e-m/fpv4-sp/hard\libc_nano.a(lib_a-memset.o)
 .ARM.attributes
                0x0000000000000000       0x34 c:/st/stm32cubeide_1.2.0/stm32cubeide/plugins/com.st.stm32cube.ide.mcu.externaltools.gnu-tools-for-stm32.7-2018-q2-update.win32_1.0.0.201904181610/tools/bin/../lib/gcc/arm-none-eabi/7.3.1/../../../../arm-none-eabi/lib/thumb/v7e-m/fpv4-sp/hard\libc_nano.a(lib_a-memset.o)
 .data          0x0000000000000000        0x0 c:/st/stm32cubeide_1.2.0/stm32cubeide/plugins/com.st.stm32cube.ide.mcu.externaltools.gnu-tools-for-stm32.7-2018-q2-update.win32_1.0.0.201904181610/tools/bin/../lib/gcc/arm-none-eabi/7.3.1/../../../../arm-none-eabi/lib/thumb/v7e-m/fpv4-sp/hard\libc_nano.a(lib_a-strlen.o)
 .bss           0x0000000000000000        0x0 c:/st/stm32cubeide_1.2.0/stm32cubeide/plugins/com.st.stm32cube.ide.mcu.externaltools.gnu-tools-for-stm32.7-2018-q2-update.win32_1.0.0.201904181610/tools/bin/../lib/gcc/arm-none-eabi/7.3.1/../../../../arm-none-eabi/lib/thumb/v7e-m/fpv4-sp/hard\libc_nano.a(lib_a-strlen.o)
 .text          0x0000000000000000        0x0 c:/st/stm32cubeide_1.2.0/stm32cubeide/plugins/com.st.stm32cube.ide.mcu.externaltools.gnu-tools-for-stm32.7-2018-q2-update.win32_1.0.0.201904181610/tools/bin/../lib/gcc/arm-none-eabi/7.3.1/../../../../arm-none-eabi/lib/thumb/v7e-m/fpv4-sp/hard\libnosys.a(_exit.o)
 .data          0x0000000000000000        0x0 c:/st/stm32cubeide_1.2.0/stm32cubeide/plugins/com.st.stm32cube.ide.mcu.externaltools.gnu-tools-for-stm32.7-2018-q2-update.win32_1.0.0.201904181610/tools/bin/../lib/gcc/arm-none-eabi/7.3.1/../../../../arm-none-eabi/lib/thumb/v7e-m/fpv4-sp/hard\libnosys.a(_exit.o)
 .bss           0x0000000000000000        0x0 c:/st/stm32cubeide_1.2.0/stm32cubeide/plugins/com.st.stm32cube.ide.mcu.externaltools.gnu-tools-for-stm32.7-2018-q2-update.win32_1.0.0.201904181610/tools/bin/../lib/gcc/arm-none-eabi/7.3.1/../../../../arm-none-eabi/lib/thumb/v7e-m/fpv4-sp/hard\libnosys.a(_exit.o)
 .text._exit    0x0000000000000000        0x2 c:/st/stm32cubeide_1.2.0/stm32cubeide/plugins/com.st.stm32cube.ide.mcu.externaltools.gnu-tools-for-stm32.7-2018-q2-update.win32_1.0.0.201904181610/tools/bin/../lib/gcc/arm-none-eabi/7.3.1/../../../../arm-none-eabi/lib/thumb/v7e-m/fpv4-sp/hard\libnosys.a(_exit.o)
 .debug_frame   0x0000000000000000       0x20 c:/st/stm32cubeide_1.2.0/stm32cubeide/plugins/com.st.stm32cube.ide.mcu.externaltools.gnu-tools-for-stm32.7-2018-q2-update.win32_1.0.0.201904181610/tools/bin/../lib/gcc/arm-none-eabi/7.3.1/../../../../arm-none-eabi/lib/thumb/v7e-m/fpv4-sp/hard\libnosys.a(_exit.o)
 .ARM.attributes
                0x0000000000000000       0x34 c:/st/stm32cubeide_1.2.0/stm32cubeide/plugins/com.st.stm32cube.ide.mcu.externaltools.gnu-tools-for-stm32.7-2018-q2-update.win32_1.0.0.201904181610/tools/bin/../lib/gcc/arm-none-eabi/7.3.1/../../../../arm-none-eabi/lib/thumb/v7e-m/fpv4-sp/hard\libnosys.a(_exit.o)
 .text          0x0000000000000000        0x0 c:/st/stm32cubeide_1.2.0/stm32cubeide/plugins/com.st.stm32cube.ide.mcu.externaltools.gnu-tools-for-stm32.7-2018-q2-update.win32_1.0.0.201904181610/tools/bin/../lib/gcc/arm-none-eabi/7.3.1/thumb/v7e-m/fpv4-sp/hard/crtend.o
 .data          0x0000000000000000        0x0 c:/st/stm32cubeide_1.2.0/stm32cubeide/plugins/com.st.stm32cube.ide.mcu.externaltools.gnu-tools-for-stm32.7-2018-q2-update.win32_1.0.0.201904181610/tools/bin/../lib/gcc/arm-none-eabi/7.3.1/thumb/v7e-m/fpv4-sp/hard/crtend.o
 .bss           0x0000000000000000        0x0 c:/st/stm32cubeide_1.2.0/stm32cubeide/plugins/com.st.stm32cube.ide.mcu.externaltools.gnu-tools-for-stm32.7-2018-q2-update.win32_1.0.0.201904181610/tools/bin/../lib/gcc/arm-none-eabi/7.3.1/thumb/v7e-m/fpv4-sp/hard/crtend.o
 .eh_frame      0x0000000000000000        0x4 c:/st/stm32cubeide_1.2.0/stm32cubeide/plugins/com.st.stm32cube.ide.mcu.externaltools.gnu-tools-for-stm32.7-2018-q2-update.win32_1.0.0.201904181610/tools/bin/../lib/gcc/arm-none-eabi/7.3.1/thumb/v7e-m/fpv4-sp/hard/crtend.o
 .ARM.attributes
                0x0000000000000000       0x34 c:/st/stm32cubeide_1.2.0/stm32cubeide/plugins/com.st.stm32cube.ide.mcu.externaltools.gnu-tools-for-stm32.7-2018-q2-update.win32_1.0.0.201904181610/tools/bin/../lib/gcc/arm-none-eabi/7.3.1/thumb/v7e-m/fpv4-sp/hard/crtend.o
 .text          0x0000000000000000        0x0 c:/st/stm32cubeide_1.2.0/stm32cubeide/plugins/com.st.stm32cube.ide.mcu.externaltools.gnu-tools-for-stm32.7-2018-q2-update.win32_1.0.0.201904181610/tools/bin/../lib/gcc/arm-none-eabi/7.3.1/thumb/v7e-m/fpv4-sp/hard/crtn.o
 .data          0x0000000000000000        0x0 c:/st/stm32cubeide_1.2.0/stm32cubeide/plugins/com.st.stm32cube.ide.mcu.externaltools.gnu-tools-for-stm32.7-2018-q2-update.win32_1.0.0.201904181610/tools/bin/../lib/gcc/arm-none-eabi/7.3.1/thumb/v7e-m/fpv4-sp/hard/crtn.o
 .bss           0x0000000000000000        0x0 c:/st/stm32cubeide_1.2.0/stm32cubeide/plugins/com.st.stm32cube.ide.mcu.externaltools.gnu-tools-for-stm32.7-2018-q2-update.win32_1.0.0.201904181610/tools/bin/../lib/gcc/arm-none-eabi/7.3.1/thumb/v7e-m/fpv4-sp/hard/crtn.o

Memory Configuration

Name             Origin             Length             Attributes
RAM              0x0000000020000000 0x0000000000020000 xrw
ROM              0x0000000008000000 0x0000000000080000 xr
*default*        0x0000000000000000 0xffffffffffffffff

Linker script and memory map

LOAD c:/st/stm32cubeide_1.2.0/stm32cubeide/plugins/com.st.stm32cube.ide.mcu.externaltools.gnu-tools-for-stm32.7-2018-q2-update.win32_1.0.0.201904181610/tools/bin/../lib/gcc/arm-none-eabi/7.3.1/thumb/v7e-m/fpv4-sp/hard/crti.o
LOAD c:/st/stm32cubeide_1.2.0/stm32cubeide/plugins/com.st.stm32cube.ide.mcu.externaltools.gnu-tools-for-stm32.7-2018-q2-update.win32_1.0.0.201904181610/tools/bin/../lib/gcc/arm-none-eabi/7.3.1/thumb/v7e-m/fpv4-sp/hard/crtbegin.o
LOAD c:/st/stm32cubeide_1.2.0/stm32cubeide/plugins/com.st.stm32cube.ide.mcu.externaltools.gnu-tools-for-stm32.7-2018-q2-update.win32_1.0.0.201904181610/tools/bin/../lib/gcc/arm-none-eabi/7.3.1/../../../../arm-none-eabi/lib/thumb/v7e-m/fpv4-sp/hard/crt0.o
LOAD Src/004_Spi_tx_testing.o
LOAD Startup/startup_stm32f446retx.o
LOAD drivers/src/stm32f446xx_gpio_driver.o
LOAD drivers/src/stm32f446xx_rcc_driver.o
LOAD drivers/src/stm32f446xx_spi_driver.o
LOAD drivers/src/stm32f446xx_usart_driver.o
START GROUP
LOAD c:/st/stm32cubeide_1.2.0/stm32cubeide/plugins/com.st.stm32cube.ide.mcu.externaltools.gnu-tools-for-stm32.7-2018-q2-update.win32_1.0.0.201904181610/tools/bin/../lib/gcc/arm-none-eabi/7.3.1/../../../../arm-none-eabi/lib/thumb/v7e-m/fpv4-sp/hard\libc_nano.a
LOAD c:/st/stm32cubeide_1.2.0/stm32cubeide/plugins/com.st.stm32cube.ide.mcu.externaltools.gnu-tools-for-stm32.7-2018-q2-update.win32_1.0.0.201904181610/tools/bin/../lib/gcc/arm-none-eabi/7.3.1/../../../../arm-none-eabi/lib/thumb/v7e-m/fpv4-sp/hard\libm.a
END GROUP
START GROUP
LOAD c:/st/stm32cubeide_1.2.0/stm32cubeide/plugins/com.st.stm32cube.ide.mcu.externaltools.gnu-tools-for-stm32.7-2018-q2-update.win32_1.0.0.201904181610/tools/bin/../lib/gcc/arm-none-eabi/7.3.1/thumb/v7e-m/fpv4-sp/hard\libgcc.a
LOAD c:/st/stm32cubeide_1.2.0/stm32cubeide/plugins/com.st.stm32cube.ide.mcu.externaltools.gnu-tools-for-stm32.7-2018-q2-update.win32_1.0.0.201904181610/tools/bin/../lib/gcc/arm-none-eabi/7.3.1/../../../../arm-none-eabi/lib/thumb/v7e-m/fpv4-sp/hard\libc_nano.a
END GROUP
START GROUP
LOAD c:/st/stm32cubeide_1.2.0/stm32cubeide/plugins/com.st.stm32cube.ide.mcu.externaltools.gnu-tools-for-stm32.7-2018-q2-update.win32_1.0.0.201904181610/tools/bin/../lib/gcc/arm-none-eabi/7.3.1/thumb/v7e-m/fpv4-sp/hard\libgcc.a
LOAD c:/st/stm32cubeide_1.2.0/stm32cubeide/plugins/com.st.stm32cube.ide.mcu.externaltools.gnu-tools-for-stm32.7-2018-q2-update.win32_1.0.0.201904181610/tools/bin/../lib/gcc/arm-none-eabi/7.3.1/../../../../arm-none-eabi/lib/thumb/v7e-m/fpv4-sp/hard\libc_nano.a
LOAD c:/st/stm32cubeide_1.2.0/stm32cubeide/plugins/com.st.stm32cube.ide.mcu.externaltools.gnu-tools-for-stm32.7-2018-q2-update.win32_1.0.0.201904181610/tools/bin/../lib/gcc/arm-none-eabi/7.3.1/../../../../arm-none-eabi/lib/thumb/v7e-m/fpv4-sp/hard\libnosys.a
END GROUP
START GROUP
LOAD c:/st/stm32cubeide_1.2.0/stm32cubeide/plugins/com.st.stm32cube.ide.mcu.externaltools.gnu-tools-for-stm32.7-2018-q2-update.win32_1.0.0.201904181610/tools/bin/../lib/gcc/arm-none-eabi/7.3.1/thumb/v7e-m/fpv4-sp/hard\libgcc.a
LOAD c:/st/stm32cubeide_1.2.0/stm32cubeide/plugins/com.st.stm32cube.ide.mcu.externaltools.gnu-tools-for-stm32.7-2018-q2-update.win32_1.0.0.201904181610/tools/bin/../lib/gcc/arm-none-eabi/7.3.1/../../../../arm-none-eabi/lib/thumb/v7e-m/fpv4-sp/hard\libc_nano.a
LOAD c:/st/stm32cubeide_1.2.0/stm32cubeide/plugins/com.st.stm32cube.ide.mcu.externaltools.gnu-tools-for-stm32.7-2018-q2-update.win32_1.0.0.201904181610/tools/bin/../lib/gcc/arm-none-eabi/7.3.1/../../../../arm-none-eabi/lib/thumb/v7e-m/fpv4-sp/hard\libnosys.a
END GROUP
LOAD c:/st/stm32cubeide_1.2.0/stm32cubeide/plugins/com.st.stm32cube.ide.mcu.externaltools.gnu-tools-for-stm32.7-2018-q2-update.win32_1.0.0.201904181610/tools/bin/../lib/gcc/arm-none-eabi/7.3.1/thumb/v7e-m/fpv4-sp/hard/crtend.o
LOAD c:/st/stm32cubeide_1.2.0/stm32cubeide/plugins/com.st.stm32cube.ide.mcu.externaltools.gnu-tools-for-stm32.7-2018-q2-update.win32_1.0.0.201904181610/tools/bin/../lib/gcc/arm-none-eabi/7.3.1/thumb/v7e-m/fpv4-sp/hard/crtn.o
                0x0000000020020000                _estack = (ORIGIN (RAM) + LENGTH (RAM))
                0x0000000000000200                _Min_Heap_Size = 0x200
                0x0000000000000400                _Min_Stack_Size = 0x400

.isr_vector     0x0000000008000000      0x1c4
                0x0000000008000000                . = ALIGN (0x4)
 *(.isr_vector)
 .isr_vector    0x0000000008000000      0x1c4 Startup/startup_stm32f446retx.o
                0x0000000008000000                g_pfnVectors
                0x00000000080001c4                . = ALIGN (0x4)

.text           0x00000000080001c4      0x940
                0x00000000080001c4                . = ALIGN (0x4)
 *(.text)
 .text          0x00000000080001c4       0x40 c:/st/stm32cubeide_1.2.0/stm32cubeide/plugins/com.st.stm32cube.ide.mcu.externaltools.gnu-tools-for-stm32.7-2018-q2-update.win32_1.0.0.201904181610/tools/bin/../lib/gcc/arm-none-eabi/7.3.1/thumb/v7e-m/fpv4-sp/hard/crtbegin.o
 .text          0x0000000008000204       0x10 c:/st/stm32cubeide_1.2.0/stm32cubeide/plugins/com.st.stm32cube.ide.mcu.externaltools.gnu-tools-for-stm32.7-2018-q2-update.win32_1.0.0.201904181610/tools/bin/../lib/gcc/arm-none-eabi/7.3.1/../../../../arm-none-eabi/lib/thumb/v7e-m/fpv4-sp/hard\libc_nano.a(lib_a-strlen.o)
                0x0000000008000204                strlen
 *(.text*)
 .text.SPI2_GPIO_Inits
                0x0000000008000214       0x5c Src/004_Spi_tx_testing.o
                0x0000000008000214                SPI2_GPIO_Inits
 .text.SPI2_Inits
                0x0000000008000270       0x3c Src/004_Spi_tx_testing.o
                0x0000000008000270                SPI2_Inits
 .text.main     0x00000000080002ac       0x68 Src/004_Spi_tx_testing.o
                0x00000000080002ac                main
 .text.Reset_Handler
                0x0000000008000314       0x50 Startup/startup_stm32f446retx.o
                0x0000000008000314                Reset_Handler
 .text.Default_Handler
                0x0000000008000364        0x2 Startup/startup_stm32f446retx.o
                0x0000000008000364                RTC_Alarm_IRQHandler
                0x0000000008000364                EXTI2_IRQHandler
                0x0000000008000364                TIM8_CC_IRQHandler
                0x0000000008000364                SPDIF_Rx_IRQHandler
                0x0000000008000364                DebugMon_Handler
                0x0000000008000364                SPI4_IRQHandler
                0x0000000008000364                TIM1_CC_IRQHandler
                0x0000000008000364                QuadSPI_IRQHandler
                0x0000000008000364                DMA2_Stream5_IRQHandler
                0x0000000008000364                HardFault_Handler
                0x0000000008000364                DMA1_Stream5_IRQHandler
                0x0000000008000364                SysTick_Handler
                0x0000000008000364                PVD_IRQHandler
                0x0000000008000364                SDIO_IRQHandler
                0x0000000008000364                TAMP_STAMP_IRQHandler
                0x0000000008000364                PendSV_Handler
                0x0000000008000364                NMI_Handler
                0x0000000008000364                CAN2_RX1_IRQHandler
                0x0000000008000364                EXTI3_IRQHandler
                0x0000000008000364                TIM8_TRG_COM_TIM14_IRQHandler
                0x0000000008000364                TIM1_UP_TIM10_IRQHandler
                0x0000000008000364                FMPI2C1_error_IRQHandler
                0x0000000008000364                TIM8_UP_TIM13_IRQHandler
                0x0000000008000364                I2C3_ER_IRQHandler
                0x0000000008000364                EXTI0_IRQHandler
                0x0000000008000364                I2C2_EV_IRQHandler
                0x0000000008000364                DMA1_Stream2_IRQHandler
                0x0000000008000364                CAN1_RX0_IRQHandler
                0x0000000008000364                FPU_IRQHandler
                0x0000000008000364                OTG_HS_WKUP_IRQHandler
                0x0000000008000364                UsageFault_Handler
                0x0000000008000364                CAN2_SCE_IRQHandler
                0x0000000008000364                DMA2_Stream2_IRQHandler
                0x0000000008000364                SPI1_IRQHandler
                0x0000000008000364                TIM6_DAC_IRQHandler
                0x0000000008000364                TIM1_BRK_TIM9_IRQHandler
                0x0000000008000364                DCMI_IRQHandler
                0x0000000008000364                CAN2_RX0_IRQHandler
                0x0000000008000364                DMA2_Stream3_IRQHandler
                0x0000000008000364                FMPI2C1_IRQHandler
                0x0000000008000364                SAI2_IRQHandler
                0x0000000008000364                USART6_IRQHandler
                0x0000000008000364                USART3_IRQHandler
                0x0000000008000364                CAN1_RX1_IRQHandler
                0x0000000008000364                UART5_IRQHandler
                0x0000000008000364                DMA2_Stream0_IRQHandler
                0x0000000008000364                TIM4_IRQHandler
                0x0000000008000364                I2C1_EV_IRQHandler
                0x0000000008000364                HDMI_CEC_IRQHandler
                0x0000000008000364                DMA1_Stream6_IRQHandler
                0x0000000008000364                DMA1_Stream1_IRQHandler
                0x0000000008000364                UART4_IRQHandler
                0x0000000008000364                TIM3_IRQHandler
                0x0000000008000364                RCC_IRQHandler
                0x0000000008000364                TIM8_BRK_TIM12_IRQHandler
                0x0000000008000364                Default_Handler
                0x0000000008000364                EXTI15_10_IRQHandler
                0x0000000008000364                ADC_IRQHandler
                0x0000000008000364                DMA1_Stream7_IRQHandler
                0x0000000008000364                TIM7_IRQHandler
                0x0000000008000364                CAN2_TX_IRQHandler
                0x0000000008000364                TIM5_IRQHandler
                0x0000000008000364                DMA2_Stream7_IRQHandler
                0x0000000008000364                I2C3_EV_IRQHandler
                0x0000000008000364                EXTI9_5_IRQHandler
                0x0000000008000364                RTC_WKUP_IRQHandler
                0x0000000008000364                SPI2_IRQHandler
                0x0000000008000364                OTG_HS_EP1_IN_IRQHandler
                0x0000000008000364                MemManage_Handler
                0x0000000008000364                DMA1_Stream0_IRQHandler
                0x0000000008000364                CAN1_TX_IRQHandler
                0x0000000008000364                SVC_Handler
                0x0000000008000364                EXTI4_IRQHandler
                0x0000000008000364                OTG_HS_EP1_OUT_IRQHandler
                0x0000000008000364                WWDG_IRQHandler
                0x0000000008000364                TIM2_IRQHandler
                0x0000000008000364                OTG_FS_WKUP_IRQHandler
                0x0000000008000364                TIM1_TRG_COM_TIM11_IRQHandler
                0x0000000008000364                OTG_HS_IRQHandler
                0x0000000008000364                EXTI1_IRQHandler
                0x0000000008000364                USART2_IRQHandler
                0x0000000008000364                I2C2_ER_IRQHandler
                0x0000000008000364                DMA2_Stream1_IRQHandler
                0x0000000008000364                CAN1_SCE_IRQHandler
                0x0000000008000364                FLASH_IRQHandler
                0x0000000008000364                DMA2_Stream4_IRQHandler
                0x0000000008000364                BusFault_Handler
                0x0000000008000364                USART1_IRQHandler
                0x0000000008000364                OTG_FS_IRQHandler
                0x0000000008000364                SPI3_IRQHandler
                0x0000000008000364                DMA1_Stream4_IRQHandler
                0x0000000008000364                I2C1_ER_IRQHandler
                0x0000000008000364                FMC_IRQHandler
                0x0000000008000364                DMA2_Stream6_IRQHandler
                0x0000000008000364                SAI1_IRQHandler
                0x0000000008000364                DMA1_Stream3_IRQHandler
 *fill*         0x0000000008000366        0x2 
 .text.GPIO_PeriClockControl
                0x0000000008000368      0x1a0 drivers/src/stm32f446xx_gpio_driver.o
                0x0000000008000368                GPIO_PeriClockControl
 .text.GPIO_Init
                0x0000000008000508      0x318 drivers/src/stm32f446xx_gpio_driver.o
                0x0000000008000508                GPIO_Init
 .text.SPI_PeriClockControl
                0x0000000008000820       0xe0 drivers/src/stm32f446xx_spi_driver.o
                0x0000000008000820                SPI_PeriClockControl
 .text.SPI_Init
                0x0000000008000900       0xa0 drivers/src/stm32f446xx_spi_driver.o
                0x0000000008000900                SPI_Init
 .text.SPI_GetFlagStatus
                0x00000000080009a0       0x28 drivers/src/stm32f446xx_spi_driver.o
                0x00000000080009a0                SPI_GetFlagStatus
 .text.SPI_SendData
                0x00000000080009c8       0x6c drivers/src/stm32f446xx_spi_driver.o
                0x00000000080009c8                SPI_SendData
 .text.SPI_PeripheralControl
                0x0000000008000a34       0x38 drivers/src/stm32f446xx_spi_driver.o
                0x0000000008000a34                SPI_PeripheralControl
 .text.SPI_SSIConfig
                0x0000000008000a6c       0x38 drivers/src/stm32f446xx_spi_driver.o
                0x0000000008000a6c                SPI_SSIConfig
 .text.__libc_init_array
                0x0000000008000aa4       0x48 c:/st/stm32cubeide_1.2.0/stm32cubeide/plugins/com.st.stm32cube.ide.mcu.externaltools.gnu-tools-for-stm32.7-2018-q2-update.win32_1.0.0.201904181610/tools/bin/../lib/gcc/arm-none-eabi/7.3.1/../../../../arm-none-eabi/lib/thumb/v7e-m/fpv4-sp/hard\libc_nano.a(lib_a-init.o)
                0x0000000008000aa4                __libc_init_array
 *(.glue_7)
 .glue_7        0x0000000008000aec        0x0 linker stubs
 *(.glue_7t)
 .glue_7t       0x0000000008000aec        0x0 linker stubs
 *(.eh_frame)
 .eh_frame      0x0000000008000aec        0x0 c:/st/stm32cubeide_1.2.0/stm32cubeide/plugins/com.st.stm32cube.ide.mcu.externaltools.gnu-tools-for-stm32.7-2018-q2-update.win32_1.0.0.201904181610/tools/bin/../lib/gcc/arm-none-eabi/7.3.1/thumb/v7e-m/fpv4-sp/hard/crtbegin.o
 *(.init)
 .init          0x0000000008000aec        0x4 c:/st/stm32cubeide_1.2.0/stm32cubeide/plugins/com.st.stm32cube.ide.mcu.externaltools.gnu-tools-for-stm32.7-2018-q2-update.win32_1.0.0.201904181610/tools/bin/../lib/gcc/arm-none-eabi/7.3.1/thumb/v7e-m/fpv4-sp/hard/crti.o
                0x0000000008000aec                _init
 .init          0x0000000008000af0        0x8 c:/st/stm32cubeide_1.2.0/stm32cubeide/plugins/com.st.stm32cube.ide.mcu.externaltools.gnu-tools-for-stm32.7-2018-q2-update.win32_1.0.0.201904181610/tools/bin/../lib/gcc/arm-none-eabi/7.3.1/thumb/v7e-m/fpv4-sp/hard/crtn.o
 *(.fini)
 .fini          0x0000000008000af8        0x4 c:/st/stm32cubeide_1.2.0/stm32cubeide/plugins/com.st.stm32cube.ide.mcu.externaltools.gnu-tools-for-stm32.7-2018-q2-update.win32_1.0.0.201904181610/tools/bin/../lib/gcc/arm-none-eabi/7.3.1/thumb/v7e-m/fpv4-sp/hard/crti.o
                0x0000000008000af8                _fini
 .fini          0x0000000008000afc        0x8 c:/st/stm32cubeide_1.2.0/stm32cubeide/plugins/com.st.stm32cube.ide.mcu.externaltools.gnu-tools-for-stm32.7-2018-q2-update.win32_1.0.0.201904181610/tools/bin/../lib/gcc/arm-none-eabi/7.3.1/thumb/v7e-m/fpv4-sp/hard/crtn.o
                0x0000000008000b04                . = ALIGN (0x4)
                0x0000000008000b04                _etext = .

.vfp11_veneer   0x0000000008000b04        0x0
 .vfp11_veneer  0x0000000008000b04        0x0 linker stubs

.v4_bx          0x0000000008000b04        0x0
 .v4_bx         0x0000000008000b04        0x0 linker stubs

.iplt           0x0000000008000b04        0x0
 .iplt          0x0000000008000b04        0x0 c:/st/stm32cubeide_1.2.0/stm32cubeide/plugins/com.st.stm32cube.ide.mcu.externaltools.gnu-tools-for-stm32.7-2018-q2-update.win32_1.0.0.201904181610/tools/bin/../lib/gcc/arm-none-eabi/7.3.1/thumb/v7e-m/fpv4-sp/hard/crtbegin.o

.rodata         0x0000000008000b04        0xc
                0x0000000008000b04                . = ALIGN (0x4)
 *(.rodata)
 .rodata        0x0000000008000b04        0xc Src/004_Spi_tx_testing.o
 *(.rodata*)
                0x0000000008000b10                . = ALIGN (0x4)

.rel.dyn        0x0000000008000b10        0x0
 .rel.iplt      0x0000000008000b10        0x0 c:/st/stm32cubeide_1.2.0/stm32cubeide/plugins/com.st.stm32cube.ide.mcu.externaltools.gnu-tools-for-stm32.7-2018-q2-update.win32_1.0.0.201904181610/tools/bin/../lib/gcc/arm-none-eabi/7.3.1/thumb/v7e-m/fpv4-sp/hard/crtbegin.o

.ARM.extab      0x0000000008000b10        0x0
                0x0000000008000b10                . = ALIGN (0x4)
 *(.ARM.extab* .gnu.linkonce.armextab.*)
                0x0000000008000b10                . = ALIGN (0x4)

.ARM            0x0000000008000b10        0x0
                0x0000000008000b10                . = ALIGN (0x4)
                0x0000000008000b10                __exidx_start = .
 *(.ARM.exidx*)
                0x0000000008000b10                __exidx_end = .
                0x0000000008000b10                . = ALIGN (0x4)

.preinit_array  0x0000000008000b10        0x0
                0x0000000008000b10                . = ALIGN (0x4)
                0x0000000008000b10                PROVIDE (__preinit_array_start = .)
 *(.preinit_array*)
                0x0000000008000b10                PROVIDE (__preinit_array_end = .)
                0x0000000008000b10                . = ALIGN (0x4)

.init_array     0x0000000008000b10        0x4
                0x0000000008000b10                . = ALIGN (0x4)
                0x0000000008000b10                PROVIDE (__init_array_start = .)
 *(SORT_BY_NAME(.init_array.*))
 *(.init_array*)
 .init_array    0x0000000008000b10        0x4 c:/st/stm32cubeide_1.2.0/stm32cubeide/plugins/com.st.stm32cube.ide.mcu.externaltools.gnu-tools-for-stm32.7-2018-q2-update.win32_1.0.0.201904181610/tools/bin/../lib/gcc/arm-none-eabi/7.3.1/thumb/v7e-m/fpv4-sp/hard/crtbegin.o
                0x0000000008000b14                PROVIDE (__init_array_end = .)
                0x0000000008000b14                . = ALIGN (0x4)

.fini_array     0x0000000008000b14        0x4
                0x0000000008000b14                . = ALIGN (0x4)
                [!provide]                        PROVIDE (__fini_array_start = .)
 *(SORT_BY_NAME(.fini_array.*))
 *(.fini_array*)
 .fini_array    0x0000000008000b14        0x4 c:/st/stm32cubeide_1.2.0/stm32cubeide/plugins/com.st.stm32cube.ide.mcu.externaltools.gnu-tools-for-stm32.7-2018-q2-update.win32_1.0.0.201904181610/tools/bin/../lib/gcc/arm-none-eabi/7.3.1/thumb/v7e-m/fpv4-sp/hard/crtbegin.o
                [!provide]                        PROVIDE (__fini_array_end = .)
                0x0000000008000b18                . = ALIGN (0x4)
                0x0000000008000b18                _sidata = LOADADDR (.data)

.data           0x0000000020000000        0x0 load address 0x0000000008000b18
                0x0000000020000000                . = ALIGN (0x4)
                0x0000000020000000                _sdata = .
 *(.data)
 *(.data*)
                0x0000000020000000                . = ALIGN (0x4)
                0x0000000020000000                _edata = .

.igot.plt       0x0000000020000000        0x0 load address 0x0000000008000b18
 .igot.plt      0x0000000020000000        0x0 c:/st/stm32cubeide_1.2.0/stm32cubeide/plugins/com.st.stm32cube.ide.mcu.externaltools.gnu-tools-for-stm32.7-2018-q2-update.win32_1.0.0.201904181610/tools/bin/../lib/gcc/arm-none-eabi/7.3.1/thumb/v7e-m/fpv4-sp/hard/crtbegin.o
                0x0000000020000000                . = ALIGN (0x4)

.bss            0x0000000020000000       0x1c load address 0x0000000008000b18
                0x0000000020000000                _sbss = .
                0x0000000020000000                __bss_start__ = _sbss
 *(.bss)
 .bss           0x0000000020000000       0x1c c:/st/stm32cubeide_1.2.0/stm32cubeide/plugins/com.st.stm32cube.ide.mcu.externaltools.gnu-tools-for-stm32.7-2018-q2-update.win32_1.0.0.201904181610/tools/bin/../lib/gcc/arm-none-eabi/7.3.1/thumb/v7e-m/fpv4-sp/hard/crtbegin.o
 *(.bss*)
 *(COMMON)
                0x000000002000001c                . = ALIGN (0x4)
                0x000000002000001c                _ebss = .
                0x000000002000001c                __bss_end__ = _ebss

._user_heap_stack
                0x000000002000001c      0x604 load address 0x0000000008000b18
                0x0000000020000020                . = ALIGN (0x8)
 *fill*         0x000000002000001c        0x4 
                [!provide]                        PROVIDE (end = .)
                [!provide]                        PROVIDE (_end = .)
                0x0000000020000220                . = (. + _Min_Heap_Size)
 *fill*         0x0000000020000020      0x200 
                0x0000000020000620                . = (. + _Min_Stack_Size)
 *fill*         0x0000000020000220      0x400 
                0x0000000020000620                . = ALIGN (0x8)

/DISCARD/
 libc.a(*)
 libm.a(*)
 libgcc.a(*)

.ARM.attributes
                0x0000000000000000       0x30
 *(.ARM.attributes)
 .ARM.attributes
                0x0000000000000000       0x22 c:/st/stm32cubeide_1.2.0/stm32cubeide/plugins/com.st.stm32cube.ide.mcu.externaltools.gnu-tools-for-stm32.7-2018-q2-update.win32_1.0.0.201904181610/tools/bin/../lib/gcc/arm-none-eabi/7.3.1/thumb/v7e-m/fpv4-sp/hard/crti.o
 .ARM.attributes
                0x0000000000000022       0x34 c:/st/stm32cubeide_1.2.0/stm32cubeide/plugins/com.st.stm32cube.ide.mcu.externaltools.gnu-tools-for-stm32.7-2018-q2-update.win32_1.0.0.201904181610/tools/bin/../lib/gcc/arm-none-eabi/7.3.1/thumb/v7e-m/fpv4-sp/hard/crtbegin.o
 .ARM.attributes
                0x0000000000000056       0x39 Src/004_Spi_tx_testing.o
 .ARM.attributes
                0x000000000000008f       0x21 Startup/startup_stm32f446retx.o
 .ARM.attributes
                0x00000000000000b0       0x39 drivers/src/stm32f446xx_gpio_driver.o
 .ARM.attributes
                0x00000000000000e9       0x39 drivers/src/stm32f446xx_spi_driver.o
 .ARM.attributes
                0x0000000000000122       0x34 c:/st/stm32cubeide_1.2.0/stm32cubeide/plugins/com.st.stm32cube.ide.mcu.externaltools.gnu-tools-for-stm32.7-2018-q2-update.win32_1.0.0.201904181610/tools/bin/../lib/gcc/arm-none-eabi/7.3.1/../../../../arm-none-eabi/lib/thumb/v7e-m/fpv4-sp/hard\libc_nano.a(lib_a-init.o)
 .ARM.attributes
                0x0000000000000156       0x1b c:/st/stm32cubeide_1.2.0/stm32cubeide/plugins/com.st.stm32cube.ide.mcu.externaltools.gnu-tools-for-stm32.7-2018-q2-update.win32_1.0.0.201904181610/tools/bin/../lib/gcc/arm-none-eabi/7.3.1/../../../../arm-none-eabi/lib/thumb/v7e-m/fpv4-sp/hard\libc_nano.a(lib_a-strlen.o)
 .ARM.attributes
                0x0000000000000171       0x22 c:/st/stm32cubeide_1.2.0/stm32cubeide/plugins/com.st.stm32cube.ide.mcu.externaltools.gnu-tools-for-stm32.7-2018-q2-update.win32_1.0.0.201904181610/tools/bin/../lib/gcc/arm-none-eabi/7.3.1/thumb/v7e-m/fpv4-sp/hard/crtn.o
OUTPUT(stm32f446xx_drivers.elf elf32-littlearm)

.debug_info     0x0000000000000000     0x1afb
 .debug_info    0x0000000000000000      0xbbf Src/004_Spi_tx_testing.o
 .debug_info    0x0000000000000bbf       0x22 Startup/startup_stm32f446retx.o
 .debug_info    0x0000000000000be1      0x72d drivers/src/stm32f446xx_gpio_driver.o
 .debug_info    0x000000000000130e      0x7ed drivers/src/stm32f446xx_spi_driver.o

.debug_abbrev   0x0000000000000000      0x4df
 .debug_abbrev  0x0000000000000000      0x1ab Src/004_Spi_tx_testing.o
 .debug_abbrev  0x00000000000001ab       0x12 Startup/startup_stm32f446retx.o
 .debug_abbrev  0x00000000000001bd      0x159 drivers/src/stm32f446xx_gpio_driver.o
 .debug_abbrev  0x0000000000000316      0x1c9 drivers/src/stm32f446xx_spi_driver.o

.debug_aranges  0x0000000000000000      0x170
 .debug_aranges
                0x0000000000000000       0x30 Src/004_Spi_tx_testing.o
 .debug_aranges
                0x0000000000000030       0x28 Startup/startup_stm32f446retx.o
 .debug_aranges
                0x0000000000000058       0x70 drivers/src/stm32f446xx_gpio_driver.o
 .debug_aranges
                0x00000000000000c8       0xa8 drivers/src/stm32f446xx_spi_driver.o

.debug_ranges   0x0000000000000000      0x138
 .debug_ranges  0x0000000000000000       0x20 Src/004_Spi_tx_testing.o
 .debug_ranges  0x0000000000000020       0x20 Startup/startup_stm32f446retx.o
 .debug_ranges  0x0000000000000040       0x60 drivers/src/stm32f446xx_gpio_driver.o
 .debug_ranges  0x00000000000000a0       0x98 drivers/src/stm32f446xx_spi_driver.o

.debug_macro    0x0000000000000000     0x23d5
 .debug_macro   0x0000000000000000      0x16b Src/004_Spi_tx_testing.o
 .debug_macro   0x000000000000016b      0xa66 Src/004_Spi_tx_testing.o
 .debug_macro   0x0000000000000bd1       0x22 Src/004_Spi_tx_testing.o
 .debug_macro   0x0000000000000bf3       0x8e Src/004_Spi_tx_testing.o
 .debug_macro   0x0000000000000c81       0x51 Src/004_Spi_tx_testing.o
 .debug_macro   0x0000000000000cd2       0xef Src/004_Spi_tx_testing.o
 .debug_macro   0x0000000000000dc1       0x6a Src/004_Spi_tx_testing.o
 .debug_macro   0x0000000000000e2b      0x1df Src/004_Spi_tx_testing.o
 .debug_macro   0x000000000000100a      0x62e Src/004_Spi_tx_testing.o
 .debug_macro   0x0000000000001638      0x100 Src/004_Spi_tx_testing.o
 .debug_macro   0x0000000000001738       0xca Src/004_Spi_tx_testing.o
 .debug_macro   0x0000000000001802       0xb0 Src/004_Spi_tx_testing.o
 .debug_macro   0x00000000000018b2       0x46 Src/004_Spi_tx_testing.o
 .debug_macro   0x00000000000018f8       0x18 Src/004_Spi_tx_testing.o
 .debug_macro   0x0000000000001910       0x3c Src/004_Spi_tx_testing.o
 .debug_macro   0x000000000000194c       0x34 Src/004_Spi_tx_testing.o
 .debug_macro   0x0000000000001980      0x174 Src/004_Spi_tx_testing.o
 .debug_macro   0x0000000000001af4       0x52 Src/004_Spi_tx_testing.o
 .debug_macro   0x0000000000001b46       0x1f Src/004_Spi_tx_testing.o
 .debug_macro   0x0000000000001b65       0x43 Src/004_Spi_tx_testing.o
 .debug_macro   0x0000000000001ba8       0x20 Src/004_Spi_tx_testing.o
 .debug_macro   0x0000000000001bc8      0x1a3 Src/004_Spi_tx_testing.o
 .debug_macro   0x0000000000001d6b      0x330 Src/004_Spi_tx_testing.o
 .debug_macro   0x000000000000209b       0x10 Src/004_Spi_tx_testing.o
 .debug_macro   0x00000000000020ab       0x35 Src/004_Spi_tx_testing.o
 .debug_macro   0x00000000000020e0       0x20 Src/004_Spi_tx_testing.o
 .debug_macro   0x0000000000002100       0xaf drivers/src/stm32f446xx_gpio_driver.o
 .debug_macro   0x00000000000021af       0xc4 drivers/src/stm32f446xx_gpio_driver.o
 .debug_macro   0x0000000000002273       0xb8 drivers/src/stm32f446xx_spi_driver.o
 .debug_macro   0x000000000000232b       0xaa drivers/src/stm32f446xx_spi_driver.o

.debug_line     0x0000000000000000     0x1397
 .debug_line    0x0000000000000000      0x606 Src/004_Spi_tx_testing.o
 .debug_line    0x0000000000000606       0x84 Startup/startup_stm32f446retx.o
 .debug_line    0x000000000000068a      0x674 drivers/src/stm32f446xx_gpio_driver.o
 .debug_line    0x0000000000000cfe      0x699 drivers/src/stm32f446xx_spi_driver.o

.debug_str      0x0000000000000000     0x9813
 .debug_str     0x0000000000000000     0x9358 Src/004_Spi_tx_testing.o
                                       0x95d6 (size before relaxing)
 .debug_str     0x0000000000009358       0x31 Startup/startup_stm32f446retx.o
                                         0x77 (size before relaxing)
 .debug_str     0x0000000000009389      0x2e0 drivers/src/stm32f446xx_gpio_driver.o
                                       0x64da (size before relaxing)
 .debug_str     0x0000000000009669      0x1aa drivers/src/stm32f446xx_spi_driver.o
                                       0x6835 (size before relaxing)

.comment        0x0000000000000000       0x7b
 .comment       0x0000000000000000       0x7b Src/004_Spi_tx_testing.o
                                         0x7c (size before relaxing)
 .comment       0x000000000000007b       0x7c drivers/src/stm32f446xx_gpio_driver.o
 .comment       0x000000000000007b       0x7c drivers/src/stm32f446xx_spi_driver.o

.debug_frame    0x0000000000000000      0x538
 .debug_frame   0x0000000000000000       0x78 Src/004_Spi_tx_testing.o
 .debug_frame   0x0000000000000078      0x1c8 drivers/src/stm32f446xx_gpio_driver.o
 .debug_frame   0x0000000000000240      0x2cc drivers/src/stm32f446xx_spi_driver.o
 .debug_frame   0x000000000000050c       0x2c c:/st/stm32cubeide_1.2.0/stm32cubeide/plugins/com.st.stm32cube.ide.mcu.externaltools.gnu-tools-for-stm32.7-2018-q2-update.win32_1.0.0.201904181610/tools/bin/../lib/gcc/arm-none-eabi/7.3.1/../../../../arm-none-eabi/lib/thumb/v7e-m/fpv4-sp/hard\libc_nano.a(lib_a-init.o)
